---
# Source: pipeline-install/templates/namespace.yaml
apiVersion: v1
kind: Namespace
metadata:
  name: manuela-ci
  labels:
    manuela-role: pipeline
    app.kubernetes.io/instance: manuela
      #argocd.argoproj.io/managed-by: openshift-gitops
spec:
  finalizers:
  - kubernetes
---
# Source: pipeline-install/templates/pipeline/serviceaccount.yaml
apiVersion: v1
kind: ServiceAccount
metadata:
# pipeline is configured in the openshift-pipelines namespace as the default serviceaccount for pipelineruns
# So let's use that as our primary serviceaccount
# To change this setting, edit the configmap config-defaults in ns openshift-pipelines
  name: pipeline
  namespace: manuela-ci
secrets:
- name: git-repo-credentials
- name: image-registry-credentials
